 ⟨ ● │ ○ │ ○ ⟩  Agent Deck [_test]  ● 1 running • ○ 29 idle                                                                                                                                    v1.16.10 
  All    ● 1   ◐ 0   ○ 29   !@#& filter • 0 all • % open • ^ archived • t view • * time                                                                                                                 
SESSIONS                                                               │ PREVIEW                                                                                                                        
────────────────────────────────────────────────────────────────────── │ ───────────────────────────────────────────────────────────────────────────────────────────────────────────────────────────────
  ▾ remotes/lab (30) ● 1                                               │ conductor-buddi-sharjeel  ● running                                                                                            
▶   ├─ ● conductor-buddi-sharjeel claude                               │                                                                                                                                
    ├─ ○ Sharjeel-r4-bug36 claude                                      │ Remote:  lab                                                                                                                   
    ├─ ○ Sharjeel-r5-bug37 claude                                      │ Path:    /home/ashesh/.local/share/agent-deck/conductor/sharjeel                                                               
    ├─ ○ Sharjeel-r6-bug38 claude                                      │ Tool:    claude                                                                                                                
    ├─ ○ Sharjeel-r3-bug39 claude                                      │ Group:   buddi/sharjeel/buddii                                                                                                 
    ├─ ○ Sharjeel-r4-bug40 claude                                      │ Viewers: unknown (remote did not report viewers)                                                                               
    ├─ ○ Sharjeel-r5-bug41 claude                                      │ accounts not polled yet                                                                                                        
    ├─ ○ Sharjeel-r6-bug42 claude                                      │                                                                                                                                
    ├─ ○ Sharjeel-r3-bug43 claude                                      │ Last response                                                                                                                  
    ├─ ○ Sharjeel-r4-bug44 claude                                      │ ----------------------------------------                                                                                       
    ├─ ○ Sharjeel-r5-bug45 claude                                      │   - Handover 05:00Z par hai.                                                                                                   
    ├─ ○ Sharjeel-r6-bug46 claude                                      │   - Worker ko ye bhi likha ke Yasir ki side ko diye hue emulator ko na chhere.                                                 
    ├─ ○ Sharjeel-r3-bug47 claude                                      │                                                                                                                                
    ├─ ○ Sharjeel-r4-bug48 claude                                      │  अच्छा, यह मेरा जो account है ना, यहाँ पे Sharjeel semantic वाला login है, लेकिन यह यहाँ पे Sharjeel buddii क्यों show कर रहा है?Conductor
    ├─ ○ Sharjeel-r5-bug49 claude                                      │                                                                                                                                
    ├─ ○ Sharjeel-r6-bug50 claude                                      │  इसमें देख के मुझे बताओ ज़रा कि यह क्या चीज़ है, यह क्यों हो रहा है।                                                                       
    ├─ ○ Sharjeel-r3-bug51 claude                                      │                                                                                                                                
    ├─ ○ Sharjeel-r4-bug52 claude                                      │   Ran 5 shell commands                                                                                                         
    ├─ ○ Sharjeel-r5-bug53 claude                                      │                                                                                                                                
    ├─ ○ Sharjeel-r6-bug54 claude                                      │ ● Maine check kar liya. Aap ka conductor semantic login par hi chal raha hai, buddii par nahi.                                 
    ├─ ○ Sharjeel-r3-bug55 claude                                      │   Asal login kaunsa hai                                                                                                        
    ├─ ○ Sharjeel-r4-bug56 claude                                      │   - Ye conductor: sharjeel-semantic, yani login sharjeel semantic.                                                             
    ├─ ○ Sharjeel-r5-bug57 claude                                      │   - Mere workers: do chalte hue workers ke process khud dekhe. Dono isi semantic login par chal rahe hain.                     
    ├─ ○ Sharjeel-r6-bug58 claude                                      │ tag-A                                                                                                                          
    ├─ ○ Sharjeel-r3-bug59 claude                                      │                                                                                                                                
    ├─ ○ Sharjeel-r4-bug60 claude                                      │ Press Enter to attach via SSH                                                                                                  
    ├─ ○ Sharjeel-r5-bug61 claude                                      │                                                                                                                                
    ├─ ○ Sharjeel-r6-bug62 claude                                      │                                                                                                                                
    ├─ ○ Sharjeel-r3-bug63 claude                                      │                                                                                                                                
    ├─ ○ Sharjeel-r4-bug64 claude                                      │                                                                                                                                
                                                                       │                                                                                                                                
                                                                       │                                                                                                                                
                                                                       │                                                                                                                                
                                                                       │                                                                                                                                
                                                                       │                                                                                                                                
                                                                       │                                                                                                                                
                                                                       │                                                                                                                                
                                                                       │                                                                                                                                
                                                                       │                                                                                                                                
                                                                       │                                                                                                                                
                                                                       │                                                                                                                                
                                                                       │                                                                                                                                
                                                                       │                                                                                                                                
────────────────────────────────────────────────────────────────────────────────────────────────────────────────────────────────────────────────────────────────────────────────────────────────────────
Session:  Enter  Attach  n/N  New/Quick  g  Group  R  Restart  c  Copy  V  Copy pane  x  Send │  r  Rename  M  Move  d  Delete  D  Close     ↑↓ Nav │ +/- Move │ / Search │ G Global │ ? Help │ q Quit  
