         ╭────────────────────────────────────────────────────────────╮
         │  🔍 Local Search (Agent Deck sessions)                     │
         │                                                            │
         │  ╭──────────────────────────────────────────────────╮      │
         │  │ > Search sessions...                             │      │
         │  ╰──────────────────────────────────────────────────╯      │
         │  ⚠ Recall is off ([recall] enabled = false in              │
         │  config.toml)                                              │
         │    Tip: waiting / running / idle to filter by status       │
         │                                                            │
         │    › session-01 (claude)  my-sessions · ?                  │
         │      session-02 (claude)  my-sessions · ?                  │
         │      session-03 (claude)  my-sessions · ?                  │
         │      session-04 (claude)  my-sessions · ?                  │
         │      session-05 (claude)  my-sessions · ?                  │
         │      session-06 (claude)  my-sessions · ?                  │
         │      session-07 (claude)  my-sessions · ?                  │
         │      session-08 (claude)  my-sessions · ?                  │
         │  ▼ more below                                              │
         │    11 results                                              │
         │    [Enter] Select  [↑↓] Navigate                           │
         │    [Tab] Global  [Esc] Cancel                              │
         ╰────────────────────────────────────────────────────────────╯
