    ╭──────────────────────────────────────────────────╮    
    │    Welcome > [Tool] > - > Ready                  │    
    │                                                  │    
    │    Select Default AI Tool                        │    
    │    This tool will be pre-selected when           │    
    │    creating new sessions:                        │    
    │    ▲ more above                                  │    
    │       🐋 deepseek                                │    
    │       ⌥ omp   Oh My Pi - batteries-included      │    
    │    coding agent (omp)                            │    
    │                                                  │    
    │                                                  │    
    │    Up/Down: select                               │    
    │    Enter: continue | Esc: back                   │    
    ╰──────────────────────────────────────────────────╯    
