

                    ╭────────────────────────────────────────────────────────────╮╭────────────────────────────────────────────────────────────────────────────────────────────────╮
                    │ 🔍 Recall                                                  ││ 📄 recall-hit-00                                                                               │
                    │ refreshing the index (bounded: 150 ms / 32 MB per pass)... ││ claude  aaaaaaaa-000                                                                           │
                    │                                                            ││ 📁 /Users/x/proj                                                                               │
                    │ ╭────────────────────────────────────────────────────────╮ ││                                                                                                │
                    │ │ > Search every conversation on this machine...         │ ││ loading turns...                                                                               │
                    │ ╰────────────────────────────────────────────────────────╯ ││                                                                                                │
                    │                                                            ││                                                                                                │
                    │   0 matching message(s)                                    ││                                                                                                │
                    │   › recall-hit-00                                          ││                                                                                                │
                    │     claude • 1 in body                                     ││                                                                                                │
                    │     recall-hit-01                                          ││                                                                                                │
                    │     recall-hit-02                                          ││                                                                                                │
                    │     recall-hit-03                                          ││                                                                                                │
                    │     recall-hit-04                                          ││                                                                                                │
                    │     recall-hit-05                                          ││                                                                                                │
                    │     recall-hit-06                                          ││                                                                                                │
                    │     recall-hit-07                                          ││                                                                                                │
                    │     recall-hit-08                                          ││                                                                                                │
                    │     recall-hit-09                                          ││                                                                                                │
                    │     recall-hit-10                                          ││                                                                                                │
                    │     recall-hit-11                                          ││                                                                                                │
                    │     recall-hit-12                                          ││                                                                                                │
                    │     recall-hit-13                                          ││                                                                                                │
                    │     recall-hit-14                                          ││                                                                                                │
                    │                                                            ││                                                                                                │
                    │ [↑↓] Select  [Enter] Open  [Tab] Local                     ││                                                                                                │
                    │ [ ] scroll preview   [Esc] Cancel                          ││                                                                                                │
                    │                                                            ││                                                                                                │
                    │                                                            ││                                                                                                │
                    │                                                            ││                                                                                                │
                    │                                                            ││                                                                                                │
                    │                                                            ││                                                                                                │
                    │                                                            ││                                                                                                │
                    │                                                            ││                                                                                                │
                    │                                                            ││                                                                                                │
                    │                                                            ││                                                                                                │
                    │                                                            ││                                                                                                │
                    │                                                            ││                                                                                                │
                    │                                                            ││                                                                                                │
                    │                                                            ││                                                                                                │
                    │                                                            ││                                                                                                │
                    │                                                            ││                                                                                                │
                    │                                                            ││                                                                                                │
                    │                                                            ││                                                                                                │
                    ╰────────────────────────────────────────────────────────────╯╰────────────────────────────────────────────────────────────────────────────────────────────────╯
