                                                                                                                        
                             ╭────────────────────────────────────────────────────────────╮                             
                             │                                                            │                             
                             │                                                            │                             
                             │    Welcome > [Tool] > Claude > Ready                       │                             
                             │                                                            │                             
                             │    Select Default AI Tool                                  │                             
                             │                                                            │                             
                             │                                                            │                             
                             │    This tool will be pre-selected when creating new        │                             
                             │    sessions:                                               │                             
                             │                                                            │                             
                             │                                                            │                             
                             │       🤖 claude   Claude Code - Anthropic's AI coding      │                             
                             │    assistant                                               │                             
                             │       ✨ gemini   Gemini CLI - Google's AI assistant       │                             
                             │       🌐 opencode   OpenCode - Open source AI coding       │                             
                             │    tool                                                    │                             
                             │       💻 codex   Codex CLI - OpenAI's coding assistant     │                             
                             │       π pi   Pi CLI - lightweight coding assistant         │                             
                             │       🐚 shell   Shell - No AI tool (plain terminal)       │                             
                             │       🐙 copilot                                           │                             
                             │       💘 crush   Crush - Charm's terminal-first AI         │                             
                             │    coding assistant                                        │                             
                             │       🔮 muse   Muse Code - Meta's terminal AI coding      │                             
                             │    assistant                                               │                             
                             │       📝 cursor   Cursor Agent - Cursor CLI (agent /       │                             
                             │    cursor agent)                                           │                             
                             │       ☤ hermes                                             │                             
                             │       🐋 deepseek                                          │                             
                             │       ⌥ omp   Oh My Pi - batteries-included coding         │                             
                             │    agent (omp)                                             │                             
                             │                                                            │                             
                             │                                                            │                             
                             │    Up/Down: select | Enter: continue | Esc: back           │                             
                             │                                                            │                             
                             │                                                            │                             
                             ╰────────────────────────────────────────────────────────────╯                             
                                                                                                                        
                                                                                                                        
