 ╭────────────────────────────────────────────────────────╮ 
 │    Edit Session                                        │ 
 │      in group: devops                                  │ 
 │      session: my-session                               │ 
 │      Current: claude/default → claude/default          │ 
 │      same-harness resume                               │ 
 │    ▶ Title:                                            │ 
 │      > my-session                                      │ 
 │      Harness (choose destination first):               │ 
 │    ▼ more below                                        │ 
 │                                                        │ 
 │                                                        │ 
 │    Type to edit │ Enter save                           │ 
 │    Tab next │ Esc cancel                               │ 
 ╰────────────────────────────────────────────────────────╯ 
