                                                                                                                                                                                                        
                                                                                                                                                                                                        
                                                                                                                                                                                                        
                                                                                                                                                                                                        
                                                                                                                                                                                                        
                                                                                                                                                                                                        
                                                                                                                                                                                                        
                                                                                                                                                                                                        
                                                                                                                                                                                                        
                                                                                                                                                                                                        
                                                                                                                                                                                                        
                                                                                                                                                                                                        
                                                                                                                                                                                                        
                                                                                                                                                                                                        
                                                                                                                                                                                                        
                                                                                                                                                                                                        
                                                                                                                                                                                                        
                                                                             ╭────────────────────────────────────────────╮                                                                             
                                                                             │                                            │                                                                             
                                                                             │              Create Subgroup               │                                                                             
                                                                             │                                            │                                                                             
                                                                             │             Root ─── [Subgroup]            │                                                                             
                                                                             │                                            │                                                                             
                                                                             │                Parent: alpha               │                                                                             
                                                                             │                                            │                                                                             
                                                                             │  Name:         > Group name                │                                                                             
                                                                             │  Default Path: > Default path (optional)   │                                                                             
                                                                             │                                            │                                                                             
                                                                             │                                            │                                                                             
                                                                             │    Tab next │ Enter confirm │ Esc cancel   │                                                                             
                                                                             │                                            │                                                                             
                                                                             ╰────────────────────────────────────────────╯                                                                             
                                                                                                                                                                                                        
                                                                                                                                                                                                        
                                                                                                                                                                                                        
                                                                                                                                                                                                        
                                                                                                                                                                                                        
                                                                                                                                                                                                        
                                                                                                                                                                                                        
                                                                                                                                                                                                        
                                                                                                                                                                                                        
                                                                                                                                                                                                        
                                                                                                                                                                                                        
                                                                                                                                                                                                        
                                                                                                                                                                                                        
                                                                                                                                                                                                        
                                                                                                                                                                                                        
                                                                                                                                                                                                        
                                                                                                                                                                                                        
                                                                                                                                                                                                        
