






    ╭──────────────────────────────────────────────────────────────────────╮
    │                                                                      │
    │  How's agent-deck v1.16.16? (1-5)                                    │
    │                                                                      │
    │  1😞  2😐  3🙂  4😀  5🤩                                             │
    │                                                                      │
    │  [n] No thanks  [Esc] Ask later                                      │
    │                                                                      │
    ╰──────────────────────────────────────────────────────────────────────╯
