                                                                                                                                                                                                        
                                                                                                                                                                                                        
                                                                                                                                                                                                        
                                                                                                                                                                                                        
                                                                                                                                                                                                        
                                                                                                                                                                                                        
                                                                                                                                                                                                        
                                                                                                                                                                                                        
                                                        ╭──────────────────────────────────────────────────────────────────────────────────────╮                                                        
                                                        │                                                                                      │                                                        
                                                        │                                    Skills Manager                                    │                                                        
                                                        │                                                                                      │                                                        
                                                        │  ──────────────── [POOL] ────────────────                                            │                                                        
                                                        │  Writes to: .agent-deck/skills.toml + .claude/skills (project)                       │                                                        
                                                        │                                                                                      │                                                        
                                                        │  - Attached (0) -----------------------  - Available (20) ---------------------      │                                                        
                                                        │    (empty)                                > skill-00 [pool]                          │                                                        
                                                        │                                             skill-01 [pool]                          │                                                        
                                                        │                                             skill-02 [pool]                          │                                                        
                                                        │                                             skill-03 [pool]                          │                                                        
                                                        │                                             skill-04 [pool]                          │                                                        
                                                        │                                             skill-05 [pool]                          │                                                        
                                                        │                                             skill-06 [pool]                          │                                                        
                                                        │                                             skill-07 [pool]                          │                                                        
                                                        │                                             skill-08 [pool]                          │                                                        
                                                        │                                             skill-09 [pool]                          │                                                        
                                                        │                                             skill-10 [pool]                          │                                                        
                                                        │                                             skill-11 [pool]                          │                                                        
                                                        │                                             skill-12 [pool]                          │                                                        
                                                        │                                             skill-13 [pool]                          │                                                        
                                                        │                                             skill-14 [pool]                          │                                                        
                                                        │                                             skill-15 [pool]                          │                                                        
                                                        │                                             skill-16 [pool]                          │                                                        
                                                        │                                             skill-17 [pool]                          │                                                        
                                                        │                                             skill-18 [pool]                          │                                                        
                                                        │                                             skill-19 [pool]                          │                                                        
                                                        │                                            1-20 of 20                                │                                                        
                                                        │                                                                                      │                                                        
                                                        │  ←→ column │ ↑↓ scroll │ Type jump │ Space move │ Enter apply │ Esc cancel           │                                                        
                                                        │                                                                                      │                                                        
                                                        ╰──────────────────────────────────────────────────────────────────────────────────────╯                                                        
                                                                                                                                                                                                        
                                                                                                                                                                                                        
                                                                                                                                                                                                        
                                                                                                                                                                                                        
                                                                                                                                                                                                        
                                                                                                                                                                                                        
                                                                                                                                                                                                        
                                                                                                                                                                                                        
                                                                                                                                                                                                        
