    ╭──────────────────────────────────────────────────╮
    │  Fork Session                                    │
    │                                                  │
    │  ▲ more above                                    │
    │    > fork/probe                                  │
    │    ─ branches (↑↓/Enter/Esc) ─                   │
    │        main                                      │
    │        feature/one                               │
    │      ▶ feature/two                               │
    │                                                  │
    │  ▼ more below                                    │
    │  Type filter │ ↑↓ navigate                       │
    │  Enter select │ Esc close                        │
    ╰──────────────────────────────────────────────────╯
