  ╭─────────────────────╮╭───────────────────────────────╮
  │ 🔍 Recall           ││ 📄 recall-hit-14              │
  │ refreshing the      ││ claude  aaaaaaaa-000          │
  │ index (bounded: 150 ││ 📁 /Users/x/proj              │
  │ ms / 32 MB per      ││                               │
  │ pass)...            ││ loading turns...              │
  │ ╭─────────────────╮ ││                               │
  │ │ > Search eve…   │ ││                               │
  │ ╰─────────────────╯ ││                               │
  │   › recall-hit-14   ││                               │
  │ [Enter] Open        ││                               │
  │ [Tab] Local         ││                               │
  │ [Esc] Cancel        ││                               │
  ╰─────────────────────╯╰───────────────────────────────╯
