



              ╭──────────────────────────────────────────────────╮
              │                                                  │
              │  ⚠  Window Not Killed                            │
              │                                                  │
              │  not killing window 2 (@42) "agent": it is the   │
              │  session's last window                           │
              │                                                  │
              │  Nothing was closed.                             │
              │                                                  │
              │                                                  │
              │                                                  │
              │                                                  │
              │    ▸ OK                                          │
              │  Enter / Esc / o dismiss                         │
              │                                                  │
              ╰──────────────────────────────────────────────────╯

