



              ╭──────────────────────────────────────────────────╮
              │                                                  │
              │  ⚠  Window Not Killed                            │
              │                                                  │
              │  not killing window 2 (@42) "agent": it changed  │
              │  since it was selected, refusing                 │
              │                                                  │
              │  Nothing was closed.                             │
              │                                                  │
              │                                                  │
              │                                                  │
              │                                                  │
              │    ▸ OK                                          │
              │  Enter / Esc / o dismiss                         │
              │                                                  │
              ╰──────────────────────────────────────────────────╯

