

  ╭────────────────────────────────────────────╮╭────────────────────────────────────────────────────────────────────╮
  │ 🔍 Recall (2 sessions, 48 messages)        ││ Select a result to preview                                         │
  │ index as on disk                           ││                                                                    │
  │                                            ││                                                                    │
  │ ╭────────────────────────────────────────╮ ││                                                                    │
  │ │ > Search every conversation on this…   │ ││                                                                    │
  │ ╰────────────────────────────────────────╯ ││                                                                    │
  │                                            ││                                                                    │
  │   Type to search; titles, hints and tags   ││                                                                    │
  │ rank first                                 ││                                                                    │
  │ [↑↓] Select  [Enter] Open  [Tab] Local     ││                                                                    │
  │ [ ] scroll preview   [Esc] Cancel          ││                                                                    │
  │                                            ││                                                                    │
  │                                            ││                                                                    │
  │                                            ││                                                                    │
  │                                            ││                                                                    │
  │                                            ││                                                                    │
  │                                            ││                                                                    │
  │                                            ││                                                                    │
  ╰────────────────────────────────────────────╯╰────────────────────────────────────────────────────────────────────╯
