

  ╭───────────────────────────────────────────────────╮╭─────────────────────────────────────────────────────────────────────────────────╮
  │ 🔍 Recall (1793 sessions, 151524 messages)        ││ Select a result to preview                                                      │
  │ refreshing the index (bounded: 150 ms / 32 MB per ││                                                                                 │
  │ pass)...                                          ││                                                                                 │
  │                                                   ││                                                                                 │
  │ ╭───────────────────────────────────────────────╮ ││                                                                                 │
  │ │ > Search every conversation on this machin…   │ ││                                                                                 │
  │ ╰───────────────────────────────────────────────╯ ││                                                                                 │
  │                                                   ││                                                                                 │
  │   Type to search; titles, hints and tags rank     ││                                                                                 │
  │ first                                             ││                                                                                 │
  │ [↑↓] Select  [Enter] Open  [Tab] Local            ││                                                                                 │
  │ [ ] scroll preview   [Esc] Cancel                 ││                                                                                 │
  │                                                   ││                                                                                 │
  │                                                   ││                                                                                 │
  │                                                   ││                                                                                 │
  │                                                   ││                                                                                 │
  │                                                   ││                                                                                 │
  │                                                   ││                                                                                 │
  │                                                   ││                                                                                 │
  │                                                   ││                                                                                 │
  │                                                   ││                                                                                 │
  │                                                   ││                                                                                 │
  │                                                   ││                                                                                 │
  │                                                   ││                                                                                 │
  │                                                   ││                                                                                 │
  │                                                   ││                                                                                 │
  │                                                   ││                                                                                 │
  │                                                   ││                                                                                 │
  │                                                   ││                                                                                 │
  │                                                   ││                                                                                 │
  │                                                   ││                                                                                 │
  │                                                   ││                                                                                 │
  │                                                   ││                                                                                 │
  │                                                   ││                                                                                 │
  ╰───────────────────────────────────────────────────╯╰─────────────────────────────────────────────────────────────────────────────────╯

