 ⟨ ○ │ ○ │ ○ ⟩  Agent Deck [_test]  no sessions                                              v0.0.0 
  All    ● 0   ◐ 0   ○ 0   !@#& filter • 0 all • % open • ^ archived • t view • * time              
SESSIONS                            │ PREVIEW                                                       
─────────────────────────────────── │ ──────────────────────────────────────────────────────────────
╭───────────────────────────╮       │                                                               
│             ⬡             │       │                                                               
│      No Sessions Yet      │       │                       ✦                                       
│ • Press n to create a ... │       │                                                               
│                           │       │                  Ready to Go                                  
│                           │       │            Your workspace is set up                           
│                           │       │                                                               
│                           │       │     • Press n to create your first session                    
│                           │       │       • Press i to import tmux sessions                       
│                           │       │                                                               
│                           │       │                                                               
│                           │       │                                                               
│                           │       │                                                               
│                           │       │                                                               
│                           │       │                                                               
│                           │       │                                                               
│                           │       │                                                               
│                           │       │                                                               
│                           │       │                                                               
│                           │       │                                                               
│                           │       │                                                               
│                           │       │                                                               
│                           │       │                                                               
╰───────────────────────────╯       │                                                               
⚠ Health: status pass exceeds 250 ms budget                                                         
                                                                                                    
