                                                            
                                                            
                                                            
                                                            
                                                            
                                                            
Telemetry is off. Enlarge the window to 78×22 to read the   
question, or run agent-deck telemetry on in a shell.        
n / Esc: no · Ctrl-C: ask me later                          
                                                            
                                                            
                                                            
                                                            
                                                            
                                                            
