 ⟨ ○ │ ○ │ ○ ⟩  Agent Deck [_test]  no sessions      v0.0.0 
  All    ● 0   ◐ 0   ○ 0   !@#& filter • 0 all • % open • … 
 ⬆ v1.16.1 installed, restarting when idle (ctrl+t now)     
SESSIONS                                                    
────────────────────────────────────────────────────────────
╭───────────────────────────────────╮                       
│                 ⬡                 │                       
│          No Sessions Yet          │                       
│ • Press n to create a new session │                       
────────────────────────────────────────────────────────────
PREVIEW                                                     
────────────────────────────────────────────────────────────
                   ✦                                        
              Ready to Go                                   
 • Press n to create your first session                     
                                                            
                                                            
                                                            
                                                            
                                                            
                                                            
                                                            
────────────────────────────────────────────────────────────
n N i g │                                        ↑↓ / S ? q 
