 ⟨ ○ │ ○ │ ○ ⟩  Agent Deck [_test]  no sessions                                                                                                                                                  v0.0.0 
  All    ● 0   ◐ 0   ○ 0   !@#& filter • 0 all • % open • ^ archived • t view • * time                                                                                                                  
 ⬆ v1.16.1 installed, nudging 4 remotes to update, then restarting (ctrl+t queues it)                                                                                                                   
SESSIONS                                                               │ PREVIEW                                                                                                                        
────────────────────────────────────────────────────────────────────── │ ───────────────────────────────────────────────────────────────────────────────────────────────────────────────────────────────
╭──────────────────────────────────────────────╮                       │                                                                                                                                
│                                              │                       │                     ✦                                                                                                          
│                      ⬡                       │                       │                Ready to Go                                                                                                     
│               No Sessions Yet                │                       │          Your workspace is set up                                                                                              
│  Get started by creating your first session  │                       │   • Press n to create your first session                                                                                       
│      • Press n to create a new session       │                       │     • Press i to import tmux sessions                                                                                          
│  • Press i to import existing tmux sessions  │                       │                                                                                                                                
│                                              │                       │                                                                                                                                
│                                              │                       │                                                                                                                                
│                                              │                       │                                                                                                                                
│                                              │                       │                                                                                                                                
│                                              │                       │                                                                                                                                
│                                              │                       │                                                                                                                                
│                                              │                       │                                                                                                                                
│                                              │                       │                                                                                                                                
│                                              │                       │                                                                                                                                
╰──────────────────────────────────────────────╯                       │                                                                                                                                
────────────────────────────────────────────────────────────────────────────────────────────────────────────────────────────────────────────────────────────────────────────────────────────────────────
Empty:  n/N  New/Quick  i  Import  g  Group                                                                                     ↑↓ Nav │ +/- Move │ / Search │ G Global │ S Settings │ ? Help │ q Quit  
