{"account_slots":[],"health":{"budgets":{"status_pass_ms_exclusive":250,"open_fds_exclusive":512,"tmux_calls_per_session":2,"remote_poll_ms_exclusive":2000},"version":1,"since":"<TIMESTAMP>","processes":[],"flags":["runtime health unknown: no samples"],"sessions":null},"codex_hooks":{"state":"not-installed","config":"<SANDBOX_HOME>/.codex/config.toml"},"store_roots":{"active":"<SANDBOX_HOME>/.local/share/agent-deck","kind":"xdg","reason":"xdg_only","divergent":false,"xdg":{"kind":"xdg","path":"<SANDBOX_HOME>/.local/share/agent-deck","has_profiles":true,"marker":false,"counted":true,"sessions":6,"unreadable":0,"profiles":{"goldens":6}},"legacy":{"kind":"legacy","path":"<SANDBOX_HOME>/.agent-deck","has_profiles":false,"marker":false,"counted":true,"sessions":0,"unreadable":0,"profiles":{}}},"telemetry":"off (consent has not been given (default off))"}
