{"budgets":{"status_pass_ms_exclusive":250,"open_fds_exclusive":512,"tmux_calls_per_session":2,"remote_poll_ms_exclusive":2000},"version":1,"since":"<TIMESTAMP>","processes":[],"flags":["runtime health unknown: no samples"],"sessions":{"journal":"no events","window_hours":1,"sessions_observed":0,"turns":0,"turns_per_day":null,"median_turn_ms":null,"unconfirmed_send_rate":null,"restarts":0,"restarts_per_day":null,"sessions_with_dead_letters":0}}
