Usage: agent-deck worktree <command> [options]

Manage git worktrees and their session associations.

Commands:
  list              List all worktrees in current repository
  info <session>    Show worktree info for a session
  finish <session>  Merge branch, remove worktree, and delete session
  cleanup [--force] Find and remove orphaned worktrees/sessions
  trust-hooks <repo> [--hook setup|destruction] [--yes] [--revoke]
                    Review and approve .agent-deck/worktree-*.sh hooks for a repo

Global Options:
  -p, --profile <name>   Use specific profile
  --json                 Output as JSON

Examples:
  agent-deck worktree list
  agent-deck worktree list --json
  agent-deck worktree info "My Session"
  agent-deck worktree finish "My Session"
  agent-deck worktree finish "My Session" --no-merge
  agent-deck worktree finish "My Session" --into develop
  agent-deck worktree cleanup
  agent-deck worktree cleanup --force
  agent-deck worktree trust-hooks .
  agent-deck worktree trust-hooks . --hook setup --yes
  agent-deck worktree trust-hooks . --revoke
