Usage: agent-deck hooks <help|install|uninstall|status>

Manage agent-deck hook integration for Claude Code.

Commands:
  help         Show this help
  install      Install or upgrade agent-deck Claude Code hooks
  uninstall    Remove agent-deck Claude Code hooks
  status       Show current hook install status
