 ⟨ ● │ ◐ │ ◐ ⟩  Agent Deck  ● 1 running • ◐ 2 waiting • ○ 1 idle • ■ 2 stopped • ✕ 5 error                                                                                                     <version>
  All    ● 1   ◐ 2   ○ 1   ■ 2   ✕ 5   !@#& filter • 0 all • % open • ^ archived • t view • * time
SESSIONS                                                               │ PREVIEW
────────────────────────────────────────────────────────────────────── │ ───────────────────────────────────────────────────────────────────────────────────────────────────────────────────────────────
▶ ▸ alpha (7) ● 1 ◐ 1                                                  │ 📁 alpha
2·▾ beta (4) ◐ 1                                                       │
   ├─ ✕ gemini-idle gemini                                             │ 4 sessions
   ├─ ✕ pi-idle pi                                                     │
   ├─ ◐ claude-i18n claude                                             │ ◐ 1 waiting  ■ 2 stopped  ✕ 1 error
   └─ ○ shell-live shell                                               │
  ▾ remotes/lab (0) · unreachable: host down · poll <age>              │ ──────────────────────────────────────────────────────── Sessions ────────────────────────────────────────────────────────
                                                                       │   ■ opencode-idle opencode
                                                                       │   ✕ claude-idle claude
                                                                       │   ◐ claude-waiting claude
                                                                       │   ■ claude-stopped claude
                                                                       │
                                                                       │ Tab toggle • r rename • d delete • g subgroup
                                                                       │
                                                                       │
                                                                       │
                                                                       │
                                                                       │
                                                                       │
                                                                       │
                                                                       │
                                                                       │
                                                                       │
                                                                       │
                                                                       │
                                                                       │
                                                                       │
                                                                       │
                                                                       │
                                                                       │
                                                                       │
                                                                       │
                                                                       │
                                                                       │
                                                                       │
                                                                       │
                                                                       │
                                                                       │
                                                                       │
                                                                       │
                                                                       │
                                                                       │
                                                                       │
                                                                       │
────────────────────────────────────────────────────────────────────────────────────────────────────────────────────────────────────────────────────────────────────────────────────────────────────────
Group:  Tab  Toggle  n/N  New/Quick  g  Group │  r  Rename  d  Delete                                                           ↑↓ Nav │ +/- Move │ / Search │ G Global │ S Settings │ ? Help │ q Quit