
    ╭──────────────────────────────────────────────────────────────────────╮
    │                                                                      │
    │                                                                      │
    │  KEYBOARD SHORTCUTS                                                  │
    │                                                                      │
    │  QUICK START                                                         │
    │    Enter          Attach to selected session                         │
    │    R              Restart selected session                           │
    │    Ctrl+Q         Detach from session                                │
    │    ?              Open this help                                     │
    │                                                                      │
    │  NAVIGATION                                                          │
    │    j / Down       Move down                                          │
    │    k / Up         Move up                                            │
    │    Ctrl+u/d       Half page up/down                                  │
    │    PgUp / PgDn    Half page up/down                                  │
    │    Ctrl+f/b       Full page up/down                                  │
    │  ▼ more below                                                        │
    │                                                                      │
    │  j/k scroll • any other key to close                                 │
    │                                                                      │
    ╰──────────────────────────────────────────────────────────────────────╯