 ⟨ ● │ ◐ │ ◐ ⟩  Agent Deck  ● 1 running • ◐ 2 waiting • ○ 1 idle • ■ 2 stopped • ✕ 5 error                                                                                                      <version>
  All    ● 1   ◐ 2   ○ 1   ■ 2   ✕ 5   !@#& filter • 0 all • % open • ^ archived • t view • * time
SESSIONS                                                               │ PREVIEW
────────────────────────────────────────────────────────────────────── │ ───────────────────────────────────────────────────────────────────────────────────────────────────────────────────────────────
1·▾ alpha (7) ● 1 ◐ 1                                                  │ shell-live  ○ idle
   ├─ ■ opencode-idle opencode                                         │ 📁 /tmp/vc-<tmp>
   ├─ ✕ claude-idle claude                                             │ ⏱ <age>
   ├─ ◐ claude-waiting claude                                          │ 👁️ no viewers
   └─ ■ claude-stopped claude                                          │  shell   beta
    ▾ backend (3) ● 1                                                  │
     ├─ ✕ codex-idle codex                                             │ ───────────────────────────────────────────────────────── Output ─────────────────────────────────────────────────────────
     ├─ ● claude-running claude                                        │ $
     └─ ✕ claude-error claude                                          │
2·▾ beta (4) ◐ 1                                                       │
   ├─ ✕ gemini-idle gemini                                             │
   ├─ ✕ pi-idle pi                                                     │
   ├─ ◐ claude-i18n claude                                             │
  ▶└─ ○ shell-live shell                                               │
  ▾ remotes/lab (0) · unreachable: host down · poll <age>              │
                                                                       │
                                                                       │
                                                                       │
                                                                       │
                                                                       │
                                                                       │
                                                                       │
                                                                       │
                                                                       │
                                                                       │
                                                                       │
                                                                       │
                                                                       │
                                                                       │
                                                                       │
                                                                       │
                                                                       │
                                                                       │
                                                                       │
                                                                       │
                                                                       │
                                                                       │
                                                                       │
                                                                       │
                                                                       │
                                                                       │
                                                                       │
                                                                       │
                                                                       │
────────────────────────────────────────────────────────────────────────────────────────────────────────────────────────────────────────────────────────────────────────────────────────────────────────
Session:  Enter  Attach  n/N  New/Quick  g  Group  R  Restart  H  Shell  c  Copy  V  Copy pane  x  Send │  r  Rename  M  Move  d  Delete  D  Close    ↑↓ Nav │ +/- Move │ / Search │ G Global │ q Quit