 ⟨ ● │ ◐ │ ◐ ⟩  Agent Deck  ● 1 running • ◐ 3 waiting • ○ 1 idle • ■ 2 stopped • ✕ 5 error                      <version>
  All    ● 1   ◐ 3   ○ 1   ■ 2   ✕ 5   !@#& filter • 0 all • % open • ^ archived • t view • * time
SESSIONS                                   │ PREVIEW
────────────────────────────────────────── │ ───────────────────────────────────────────────────────────────────────────
1·▾ alpha (8) ● 1 ◐ 2                      │ claude-waiting (fork)  ◐ waiting
   ├─ ■ opencode-idle opencode             │ 📁 /tmp/vc-<tmp>
   ├─ ✕ claude-idle claude                 │ ⏱ <age>
   ├─ ◐ claude-waiting claude              │ 👁️ no viewers
   ├─ ■ claude-stopped claude              │  claude   alpha
  ▶└─ ◐ claude-… claude [fork/claude-...]  │ ────────────────────────────── Worktree ──────────────────────────────
    ▾ backend (3) ● 1                      │ Branch:  fork/claude-waiting
     ├─ ✕ codex-idle codex                 │ Repo:    /tmp/vc-<tmp>
     ├─ ● claude-running claude            │ Path:    /tmp/vc-<tmp>
     └─ ✕ claude-error claude              │ Status:  clean
2·▾ beta (4) ◐ 1                           │ Setup:   b re-run setup script
   ├─ ✕ gemini-idle gemini                 │ Finish:  W merge + cleanup
   ├─ ✕ pi-idle pi                         │ ─────────────────────────────── Claude ───────────────────────────────
   ├─ ◐ claude-i18n claude                 │ Status:  ● Connected
   └─ ○ shell-live shell                   │ Session: <uuid>
  ▾ remotes/lab (0) · host down            │ Model:   tool default
                                           │
                                           │ ─────────────────────────────── Output ───────────────────────────────
                                           │ Claude Code synthetic fixture
                                           │ ❯
                                           │
                                           │
                                           │
                                           │
                                           │
                                           │
                                           │
                                           │
                                           │
                                           │
                                           │
                                           │
                                           │
                                           │
────────────────────────────────────────────────────────────────────────────────────────────────────────────────────────
Session:  ⏎  Attach  n/N  New  g  Grp  R  Restart  T  Fresh  m  MCP  v  Both  s  Skills …     ↑↓ Nav │ ? Help │ q Quit