 ⟨ ● │ ◐ │ ◐ ⟩  Agent Deck  11 sessions                                <version>
  All    ● 1   ◐ 2   ○ 1   ■ 2   ✕ 5   !@#& filter • 0 all • % open • …
SESSIONS                     │ PREVIEW
──────────────────────────── │ ─────────────────────────────────────────────────
1·▾ alpha (7) ● 1 ◐ 1        │
   ├─ ■ opencode-idle        │
   ├─ ✕ claude-idle          │                         ⬡
   ├─ ◐ claude-waiting       │
   └─ ■ claude-stopped       │                    Remote: lab
    ▾ backend (3) ● 1        │
     ├─ ✕ codex-idle         │     Unreachable: host down
     ├─ ● claude-running     │     Host: fixture@vc-lab.invalid · 0 sessions
     └─ ✕ claude-error       │     version unknown (last checked <age>)
2·▾ beta (4) ◐ 1             │     Sessions  0 running · 0 waiting · 0 idle…
   ├─ ✕ gemini-idle          │     Harnesses  none running
   ├─ ✕ pi-idle              │     stats unknown (remote does not report
   ├─ ◐ claude-i18n          │       stats)
   └─ ○ shell-live           │
▶ ▾ remotes/lab (0) · host … │       • Press Enter on a session to atta...
                             │
                             │
                             │
────────────────────────────────────────────────────────────────────────────────
⏎ Attach n/N New R Restart c Copy │    ↑↓ Nav / Search S Settings ? Help q Quit