 ⟨ ● │ ◐ │ ◐ ⟩  Agent Deck  11 sessions                                <version>
  Archived   ● 1   ◐ 2   ○ 1   ■ 2   ✕ 5   !@#& filter • 0 all • % open • …
SESSIONS                     │ PREVIEW
──────────────────────────── │ ─────────────────────────────────────────────────
╭──────────────────────╮     │
│          ◇           │     │
│ No archived sessions │     │                    ◇
│  • ^ back to active  │     │
│                      │     │           No archived sessions
│                      │     │     Archive a session to see it here
│                      │     │
│                      │     │            • ^ back to active
│                      │     │          • A archives a session
│                      │     │
│                      │     │
│                      │     │
│                      │     │
│                      │     │
│                      │     │
│                      │     │
│                      │     │
╰──────────────────────╯     │
────────────────────────────────────────────────────────────────────────────────
n/N New i Import │                     ↑↓ Nav / Search S Settings ? Help q Quit