 ⟨ ● │ ◐ │ ◐ ⟩  Agent Deck  ● 1 running • ◐ 2 waiting • ○ 1 idle • ■ 2 stopped • ✕ 5 error                                                                                                     <version>
  Archived   ● 1   ◐ 2   ○ 1   ■ 2   ✕ 5   !@#& filter • 0 all • % open • ^ archived • t view • * time
SESSIONS                                                               │ PREVIEW
────────────────────────────────────────────────────────────────────── │ ───────────────────────────────────────────────────────────────────────────────────────────────────────────────────────────────
╭────────────────────────────────────────╮                             │
│                                        │                             │
│                                        │                             │                    ◇
│                   ◇                    │                             │
│                                        │                             │           No archived sessions
│          No archived sessions          │                             │     Archive a session to see it here
│    Archive a session to see it here    │                             │
│                                        │                             │            • ^ back to active
│           • ^ back to active           │                             │          • A archives a session
│         • A archives a session         │                             │
│                                        │                             │
│                                        │                             │
│                                        │                             │
│                                        │                             │
│                                        │                             │
│                                        │                             │
│                                        │                             │
│                                        │                             │
│                                        │                             │
│                                        │                             │
│                                        │                             │
│                                        │                             │
│                                        │                             │
│                                        │                             │
│                                        │                             │
│                                        │                             │
│                                        │                             │
│                                        │                             │
│                                        │                             │
│                                        │                             │
│                                        │                             │
│                                        │                             │
│                                        │                             │
│                                        │                             │
│                                        │                             │
│                                        │                             │
│                                        │                             │
│                                        │                             │
│                                        │                             │
│                                        │                             │
│                                        │                             │
│                                        │                             │
│                                        │                             │
╰────────────────────────────────────────╯                             │
────────────────────────────────────────────────────────────────────────────────────────────────────────────────────────────────────────────────────────────────────────────────────────────────────────
Empty:  n/N  New/Quick  i  Import  g  Group                                                                                     ↑↓ Nav │ +/- Move │ / Search │ G Global │ S Settings │ ? Help │ q Quit