 ⟨ ● │ ◐ │ ◐ ⟩  Agent Deck  ● 1 running • ◐ 2 waiting • ○ 1 idle • ■ 2 stopped • ✕ 5 error                                                                                                     <version>
  All    ● 1   ◐ 2   ○ 1   ■ 2   ✕ 5   !@#& filter • 0 all • % open • ^ archived • t view • * time
SESSIONS                                                               │ PREVIEW
────────────────────────────────────────────────────────────────────── │ ───────────────────────────────────────────────────────────────────────────────────────────────────────────────────────────────
1·▾ alpha (7) ● 1 ◐ 1                                                  │ claude-stopped  ■ stopped
   ├─ ■ opencode-idle opencode                                         │ 📁 /tmp/vc-<tmp>
   ├─ ✕ claude-idle claude                                             │ ⏱ <age>
   ├─ ◐ claude-waiting claude                                          │  claude   alpha
  ▶└─ ■ claude-stopped claude                                          │ ───────────────────────────────────────────────────────── Claude ─────────────────────────────────────────────────────────
    ▾ backend (3) ● 1                                                  │ Status:  ■ Stopped
     ├─ ✕ codex-idle codex                                             │ Session: <uuid>
     ├─ ● claude-running claude                                        │ Model:   tool default
     └─ ✕ claude-error claude                                          │ Fork:    f quick fork, F fork with options
2·▾ beta (4) ◐ 1                                                       │
   ├─ ✕ gemini-idle gemini                                             │ ───────────────────────────────────────────────────── Process Exited ─────────────────────────────────────────────────────
   ├─ ✕ pi-idle pi                                                     │
   ├─ ◐ claude-i18n claude                                             │ ■ Process exited
   └─ ○ shell-live shell                                               │
  ▾ remotes/lab (0) · unreachable: host down · poll <age>              │ The process ended or was stopped.
                                                                       │ The session record is preserved for resuming.
                                                                       │
                                                                       │ Actions:
                                                                       │   R Resume  - restart with session resume
                                                                       │   T Fresh   - restart with a new session ID
                                                                       │   d Delete  - remove from list
                                                                       │   Enter - attach (will auto-start)
                                                                       │
                                                                       │
                                                                       │
                                                                       │
                                                                       │
                                                                       │
                                                                       │
                                                                       │
                                                                       │
                                                                       │
                                                                       │
                                                                       │
                                                                       │
                                                                       │
                                                                       │
                                                                       │
                                                                       │
                                                                       │
                                                                       │
                                                                       │
                                                                       │
                                                                       │
────────────────────────────────────────────────────────────────────────────────────────────────────────────────────────────────────────────────────────────────────────────────────────────────────────
Session:  Enter  Attach  n/N  New/Quick  g  Group  R  Restart  T  Restart Fresh  f/F  Fork  m  MCP  v  Both  s  Skills  H  Shell  c  Copy  V  Copy pane  x  Send │  r  Rename …        ↑↓ Nav │ q Quit