 ⟨ ● │ ◐ │ ◐ ⟩  Agent Deck  11 sessions                                <version>
  Error   ● 1   ◐ 2   ○ 1   ■ 2   ✕ 5   !@#& filter • 0 all • % open • …
SESSIONS                     │ PREVIEW
──────────────────────────── │ ─────────────────────────────────────────────────
▶ ▾ alpha (7) ● 1 ◐ 1        │ 📁 alpha
   └─ ✕ claude-idle          │
    ▾ backend (3) ● 1        │ 4 sessions
     ├─ ✕ codex-idle         │
     └─ ✕ claude-error       │ ◐ 1 waiting  ■ 2 stopped  ✕ 1 error
2·▾ beta (4) ◐ 1             │
   ├─ ✕ gemini-idle          │ ───────────────── Sessions ─────────────────
   └─ ✕ pi-idle              │   ■ opencode-idle opencode
                             │   ✕ claude-idle claude
                             │   ◐ claude-waiting claude
                             │   ■ claude-stopped claude
                             │
                             │ Tab toggle • r rename • d delete • g subgroup
                             │
                             │
                             │
                             │
                             │
────────────────────────────────────────────────────────────────────────────────
⏎ Toggle n/N New │                     ↑↓ Nav / Search S Settings ? Help q Quit