







         ╭────────────────────────────────────────────────────────────╮
         │ WATCHERS                                                   │
         │ ────────────────────────────────────────────────────────── │
         │   No watchers configured.                                  │
         │ ────────────────────────────────────────────────────────── │
         │ [Enter] Details  [s] Start  [x] Stop  [t] Test  [w/Esc]    │
         │ Close                                                      │
         ╰────────────────────────────────────────────────────────────╯